Component: ARM Compiler 5.06 update 7 (build 960) Tool: armlink [4d3601]

==============================================================================

Section Cross References

    system_cmsdk_cm0.o(i.SystemCoreClockUpdate) refers to system_cmsdk_cm0.o(.data) for SystemCoreClock
    system_cmsdk_cm0.o(i.SystemInit) refers to system_cmsdk_cm0.o(.data) for SystemCoreClock
    system.o(i.delay) refers to system.o(i.Set_SysTick_CTRL) for Set_SysTick_CTRL
    system.o(i.delay) refers to system.o(i.Set_SysTick_LOAD) for Set_SysTick_LOAD
    system.o(i.delay) refers to system.o(i.Set_SysTick_VALUE) for Set_SysTick_VALUE
    system.o(i.delay_ms) refers to system.o(i.Set_SysTick_CTRL) for Set_SysTick_CTRL
    system.o(i.delay_ms) refers to system.o(i.Set_SysTick_LOAD) for Set_SysTick_LOAD
    system.o(i.delay_ms) refers to system.o(i.Set_SysTick_VALUE) for Set_SysTick_VALUE
    system.o(i.delay_us) refers to system.o(i.Set_SysTick_CTRL) for Set_SysTick_CTRL
    system.o(i.delay_us) refers to system.o(i.Set_SysTick_LOAD) for Set_SysTick_LOAD
    system.o(i.delay_us) refers to system.o(i.Set_SysTick_VALUE) for Set_SysTick_VALUE
    syg_m0_uart.o(i.UART_Init) refers to uidiv.o(.text) for __aeabi_uidivmod
    syg_m0_uart.o(i.UART_Init) refers to system_cmsdk_cm0.o(.data) for SystemCoreClock
    syg_m0_uart.o(i.UART_SendString) refers to syg_m0_uart.o(i.UART_SendChar) for UART_SendChar
    syg_m0_printk.o(i.print_dec) refers to syg_m0_printk.o(i.put_char) for put_char
    syg_m0_printk.o(i.print_dec) refers to syg_m0_printk.o(i.print_num) for print_num
    syg_m0_printk.o(i.print_flt) refers to dfixi.o(.text) for __aeabi_d2iz
    syg_m0_printk.o(i.print_flt) refers to syg_m0_printk.o(i.print_dec) for print_dec
    syg_m0_printk.o(i.print_flt) refers to syg_m0_printk.o(i.put_char) for put_char
    syg_m0_printk.o(i.print_flt) refers to dfltui.o(.text) for __aeabi_ui2d
    syg_m0_printk.o(i.print_flt) refers to dadd.o(.text) for __aeabi_drsub
    syg_m0_printk.o(i.print_flt) refers to dmul.o(.text) for __aeabi_dmul
    syg_m0_printk.o(i.print_hex) refers to syg_m0_printk.o(i.put_char) for put_char
    syg_m0_printk.o(i.print_hex2) refers to syg_m0_printk.o(i.put_char) for put_char
    syg_m0_printk.o(i.print_hex2) refers to syg_m0_printk.o(i.print_num) for print_num
    syg_m0_printk.o(i.print_num) refers to uidiv.o(.text) for __aeabi_uidivmod
    syg_m0_printk.o(i.print_num) refers to syg_m0_printk.o(i.put_char) for put_char
    syg_m0_printk.o(i.print_str) refers to syg_m0_printk.o(i.put_char) for put_char
    syg_m0_printk.o(i.printk) refers to syg_m0_printk.o(i.put_char) for put_char
    syg_m0_printk.o(i.printk) refers to syg_m0_printk.o(i.print_dec) for print_dec
    syg_m0_printk.o(i.printk) refers to syg_m0_printk.o(i.print_flt) for print_flt
    syg_m0_printk.o(i.printk) refers to syg_m0_printk.o(i.print_str) for print_str
    syg_m0_printk.o(i.printk) refers to syg_m0_printk.o(i.print_hex2) for print_hex2
    syg_m0_printk.o(i.put_char) refers to syg_m0_uart.o(i.UART_SendChar) for UART_SendChar
    main.o(i.GpioInit) refers to syg_m0_gpio.o(i.GPIO_Init) for GPIO_Init
    main.o(i.UARTRX_Handler) refers to syg_m0_uart.o(i.UART_GetRxIRQStatus) for UART_GetRxIRQStatus
    main.o(i.UARTRX_Handler) refers to syg_m0_uart.o(i.UART_ClearRxIRQ) for UART_ClearRxIRQ
    main.o(i.UARTRX_Handler) refers to syg_m0_uart.o(i.UART_ReceiveChar) for UART_ReceiveChar
    main.o(i.UARTRX_Handler) refers to syg_m0_uart.o(i.UART_SendChar) for UART_SendChar
    main.o(i.UartInit) refers to syg_m0_uart.o(i.UART_Init) for UART_Init
    main.o(i.main) refers to system_cmsdk_cm0.o(i.SystemInit) for SystemInit
    main.o(i.main) refers to main.o(i.UartInit) for UartInit
    main.o(i.main) refers to main.o(i.GpioInit) for GpioInit
    main.o(i.main) refers to syg_m0_printk.o(i.printk) for printk
    main.o(i.main) refers to main.o(.data) for test_03_buf
    syg_m0_it.o(i.SysTick_Handler) refers to system.o(i.Set_SysTick_CTRL) for Set_SysTick_CTRL
    startup_cmsdk_cm0.o(RESET) refers to startup_cmsdk_cm0.o(STACK) for __initial_sp
    startup_cmsdk_cm0.o(RESET) refers to startup_cmsdk_cm0.o(.text) for Reset_Handler
    startup_cmsdk_cm0.o(RESET) refers to syg_m0_it.o(i.SysTick_Handler) for SysTick_Handler
    startup_cmsdk_cm0.o(.text) refers to system_cmsdk_cm0.o(i.SystemInit) for SystemInit
    startup_cmsdk_cm0.o(.text) refers to entry.o(.ARM.Collect$$$$00000000) for __main
    entry.o(.ARM.Collect$$$$00000000) refers (Special) to entry10a.o(.ARM.Collect$$$$0000000F) for __rt_final_cpp
    entry.o(.ARM.Collect$$$$00000000) refers (Special) to entry11a.o(.ARM.Collect$$$$00000011) for __rt_final_exit
    entry.o(.ARM.Collect$$$$00000000) refers (Special) to entry12b.o(.ARM.Collect$$$$0000000E) for __rt_lib_shutdown_fini
    entry.o(.ARM.Collect$$$$00000000) refers (Special) to entry7b.o(.ARM.Collect$$$$00000008) for _main_clock
    entry.o(.ARM.Collect$$$$00000000) refers (Special) to entry8b.o(.ARM.Collect$$$$0000000A) for _main_cpp_init
    entry.o(.ARM.Collect$$$$00000000) refers (Special) to entry9a.o(.ARM.Collect$$$$0000000B) for _main_init
    entry.o(.ARM.Collect$$$$00000000) refers (Special) to entry5.o(.ARM.Collect$$$$00000004) for _main_scatterload
    entry.o(.ARM.Collect$$$$00000000) refers (Special) to entry2.o(.ARM.Collect$$$$00000001) for _main_stk
    dadd.o(.text) refers (Special) to iusefp.o(.text) for __I$use$fp
    dadd.o(.text) refers to llshl.o(.text) for __aeabi_llsl
    dadd.o(.text) refers to llsshr.o(.text) for __aeabi_lasr
    dadd.o(.text) refers to depilogue.o(.text) for _double_epilogue
    dmul.o(.text) refers (Special) to iusefp.o(.text) for __I$use$fp
    dmul.o(.text) refers to depilogue.o(.text) for _double_epilogue
    dfltui.o(.text) refers (Special) to iusefp.o(.text) for __I$use$fp
    dfltui.o(.text) refers to depilogue.o(.text) for _double_epilogue
    dfixi.o(.text) refers (Special) to iusefp.o(.text) for __I$use$fp
    dfixi.o(.text) refers to llushr.o(.text) for __aeabi_llsr
    entry2.o(.ARM.Collect$$$$00000001) refers to entry2.o(.ARM.Collect$$$$00002712) for __lit__00000000
    entry2.o(.ARM.Collect$$$$00002712) refers to startup_cmsdk_cm0.o(STACK) for __initial_sp
    entry2.o(__vectab_stack_and_reset_area) refers to startup_cmsdk_cm0.o(STACK) for __initial_sp
    entry2.o(__vectab_stack_and_reset_area) refers to entry.o(.ARM.Collect$$$$00000000) for __main
    entry5.o(.ARM.Collect$$$$00000004) refers to init.o(.text) for __scatterload
    entry9a.o(.ARM.Collect$$$$0000000B) refers to main.o(i.main) for main
    entry9b.o(.ARM.Collect$$$$0000000C) refers to main.o(i.main) for main
    depilogue.o(.text) refers to depilogue.o(i.__ARM_clz) for __ARM_clz
    depilogue.o(.text) refers to llshl.o(.text) for __aeabi_llsl
    depilogue.o(.text) refers to llushr.o(.text) for __aeabi_llsr
    init.o(.text) refers to entry5.o(.ARM.Collect$$$$00000004) for __main_after_scatterload


==============================================================================

Removing Unused input sections from the image.

    Removing system_cmsdk_cm0.o(.rev16_text), (4 bytes).
    Removing system_cmsdk_cm0.o(.revsh_text), (4 bytes).
    Removing system_cmsdk_cm0.o(i.SystemCoreClockUpdate), (16 bytes).
    Removing system.o(.rev16_text), (4 bytes).
    Removing system.o(.revsh_text), (4 bytes).
    Removing system.o(i.Read_SysTick_VALUE), (12 bytes).
    Removing system.o(i.Set_SysTick_LOAD), (12 bytes).
    Removing system.o(i.Set_SysTick_VALUE), (12 bytes).
    Removing system.o(i.Timer_Ini), (44 bytes).
    Removing system.o(i.Timer_Stop), (36 bytes).
    Removing system.o(i.delay), (32 bytes).
    Removing system.o(i.delay_ms), (40 bytes).
    Removing system.o(i.delay_us), (36 bytes).
    Removing system.o(i.mem16_read), (6 bytes).
    Removing system.o(i.mem16_write), (4 bytes).
    Removing system.o(i.mem32_read), (6 bytes).
    Removing system.o(i.mem32_write), (4 bytes).
    Removing system.o(i.mem8_read), (6 bytes).
    Removing system.o(i.mem8_write), (4 bytes).
    Removing syg_m0_gpio.o(.rev16_text), (4 bytes).
    Removing syg_m0_gpio.o(.revsh_text), (4 bytes).
    Removing syg_m0_gpio.o(i.GPIO_ClrAltFunc), (4 bytes).
    Removing syg_m0_gpio.o(i.GPIO_ClrIntEnable), (12 bytes).
    Removing syg_m0_gpio.o(i.GPIO_ClrOutEnable), (4 bytes).
    Removing syg_m0_gpio.o(i.GPIO_GetAltFunc), (6 bytes).
    Removing syg_m0_gpio.o(i.GPIO_GetIntStatus), (6 bytes).
    Removing syg_m0_gpio.o(i.GPIO_GetOutEnable), (6 bytes).
    Removing syg_m0_gpio.o(i.GPIO_IntClear), (8 bytes).
    Removing syg_m0_gpio.o(i.GPIO_MaskedWrite), (34 bytes).
    Removing syg_m0_gpio.o(i.GPIO_ReadBits), (6 bytes).
    Removing syg_m0_gpio.o(i.GPIO_ResetBit), (8 bytes).
    Removing syg_m0_gpio.o(i.GPIO_SetAltFunc), (4 bytes).
    Removing syg_m0_gpio.o(i.GPIO_SetBit), (8 bytes).
    Removing syg_m0_gpio.o(i.GPIO_SetIntEnable), (12 bytes).
    Removing syg_m0_gpio.o(i.GPIO_SetIntFallingEdge), (20 bytes).
    Removing syg_m0_gpio.o(i.GPIO_SetIntHighLevel), (20 bytes).
    Removing syg_m0_gpio.o(i.GPIO_SetIntLowLevel), (20 bytes).
    Removing syg_m0_gpio.o(i.GPIO_SetIntRisingEdge), (20 bytes).
    Removing syg_m0_gpio.o(i.GPIO_SetOutEnable), (4 bytes).
    Removing syg_m0_gpio.o(i.GPIO_WriteBits), (4 bytes).
    Removing syg_m0_uart.o(.rev16_text), (4 bytes).
    Removing syg_m0_uart.o(.revsh_text), (4 bytes).
    Removing syg_m0_uart.o(i.UART_ClearRxBufferOverrunStatus), (6 bytes).
    Removing syg_m0_uart.o(i.UART_ClearRxIRQ), (6 bytes).
    Removing syg_m0_uart.o(i.UART_ClearRxOverrunIRQ), (6 bytes).
    Removing syg_m0_uart.o(i.UART_ClearTxBufferOverrunStatus), (6 bytes).
    Removing syg_m0_uart.o(i.UART_ClearTxIRQ), (6 bytes).
    Removing syg_m0_uart.o(i.UART_ClearTxOverrunIRQ), (6 bytes).
    Removing syg_m0_uart.o(i.UART_ClrHSTM), (10 bytes).
    Removing syg_m0_uart.o(i.UART_GetBaudDivider), (6 bytes).
    Removing syg_m0_uart.o(i.UART_GetRxBufferFull), (12 bytes).
    Removing syg_m0_uart.o(i.UART_GetRxBufferOverrunStatus), (12 bytes).
    Removing syg_m0_uart.o(i.UART_GetRxIRQStatus), (12 bytes).
    Removing syg_m0_uart.o(i.UART_GetRxOverrunIRQStatus), (12 bytes).
    Removing syg_m0_uart.o(i.UART_GetTxBufferFull), (10 bytes).
    Removing syg_m0_uart.o(i.UART_GetTxBufferOverrunStatus), (12 bytes).
    Removing syg_m0_uart.o(i.UART_GetTxIRQStatus), (10 bytes).
    Removing syg_m0_uart.o(i.UART_GetTxOverrunIRQStatus), (12 bytes).
    Removing syg_m0_uart.o(i.UART_ReceiveChar), (20 bytes).
    Removing syg_m0_uart.o(i.UART_SendString), (28 bytes).
    Removing syg_m0_uart.o(i.UART_SetHSTM), (10 bytes).
    Removing syg_m0_printk.o(.rev16_text), (4 bytes).
    Removing syg_m0_printk.o(.revsh_text), (4 bytes).
    Removing syg_m0_printk.o(i.print_hex), (72 bytes).
    Removing syg_m0_dma.o(.rev16_text), (4 bytes).
    Removing syg_m0_dma.o(.revsh_text), (4 bytes).
    Removing syg_m0_dma.o(i.DMA), (16 bytes).
    Removing main.o(.rev16_text), (4 bytes).
    Removing main.o(.revsh_text), (4 bytes).
    Removing main.o(i.Delay), (18 bytes).
    Removing main.o(i.UARTRX_Handler), (40 bytes).
    Removing syg_m0_it.o(.rev16_text), (4 bytes).
    Removing syg_m0_it.o(.revsh_text), (4 bytes).
    Removing syg_m0_it.o(i.BusFaultHandler), (2 bytes).
    Removing syg_m0_it.o(i.DebugMonHandler), (2 bytes).
    Removing syg_m0_it.o(i.HardFaultHandler), (2 bytes).
    Removing syg_m0_it.o(i.MemManageHandler), (2 bytes).
    Removing syg_m0_it.o(i.NMIHandler), (2 bytes).
    Removing syg_m0_it.o(i.PendSVHandler), (2 bytes).
    Removing syg_m0_it.o(i.SVCHandler), (2 bytes).
    Removing syg_m0_it.o(i.UARTOVRHandler), (2 bytes).
    Removing syg_m0_it.o(i.UARTRXHandler), (2 bytes).
    Removing syg_m0_it.o(i.UARTTXHandler), (2 bytes).
    Removing syg_m0_it.o(i.UsageFaultHandler), (2 bytes).
    Removing startup_cmsdk_cm0.o(HEAP), (256 bytes).

85 unused section(s) (total 1166 bytes) removed from the image.

==============================================================================

Image Symbol Table

    Local Symbols

    Symbol Name                              Value     Ov Type        Size  Object(Section)

    RESET                                    0x00000000   Section      192  startup_cmsdk_cm0.o(RESET)
    ../clib/../cmprslib/zerorunl2.c          0x00000000   Number         0  __dczerorl2.o ABSOLUTE
    ../clib/microlib/division.c              0x00000000   Number         0  uidiv.o ABSOLUTE
    ../clib/microlib/init/entry.s            0x00000000   Number         0  entry.o ABSOLUTE
    ../clib/microlib/init/entry.s            0x00000000   Number         0  entry9b.o ABSOLUTE
    ../clib/microlib/init/entry.s            0x00000000   Number         0  entry10a.o ABSOLUTE
    ../clib/microlib/init/entry.s            0x00000000   Number         0  entry7a.o ABSOLUTE
    ../clib/microlib/init/entry.s            0x00000000   Number         0  entry10b.o ABSOLUTE
    ../clib/microlib/init/entry.s            0x00000000   Number         0  entry11a.o ABSOLUTE
    ../clib/microlib/init/entry.s            0x00000000   Number         0  entry11b.o ABSOLUTE
    ../clib/microlib/init/entry.s            0x00000000   Number         0  entry12a.o ABSOLUTE
    ../clib/microlib/init/entry.s            0x00000000   Number         0  entry5.o ABSOLUTE
    ../clib/microlib/init/entry.s            0x00000000   Number         0  entry12b.o ABSOLUTE
    ../clib/microlib/init/entry.s            0x00000000   Number         0  entry7b.o ABSOLUTE
    ../clib/microlib/init/entry.s            0x00000000   Number         0  entry2.o ABSOLUTE
    ../clib/microlib/init/entry.s            0x00000000   Number         0  entry9a.o ABSOLUTE
    ../clib/microlib/init/entry.s            0x00000000   Number         0  entry8b.o ABSOLUTE
    ../clib/microlib/init/entry.s            0x00000000   Number         0  entry8a.o ABSOLUTE
    ../clib/microlib/longlong.c              0x00000000   Number         0  llshl.o ABSOLUTE
    ../clib/microlib/longlong.c              0x00000000   Number         0  llushr.o ABSOLUTE
    ../clib/microlib/longlong.c              0x00000000   Number         0  llsshr.o ABSOLUTE
    ../clib/microlib/stubs.s                 0x00000000   Number         0  iusefp.o ABSOLUTE
    ../fplib/microlib/fpadd.c                0x00000000   Number         0  dadd.o ABSOLUTE
    ../fplib/microlib/fpepilogue.c           0x00000000   Number         0  depilogue.o ABSOLUTE
    ../fplib/microlib/fpfix.c                0x00000000   Number         0  dfixi.o ABSOLUTE
    ../fplib/microlib/fpflt.c                0x00000000   Number         0  dfltui.o ABSOLUTE
    ../fplib/microlib/fpmul.c                0x00000000   Number         0  dmul.o ABSOLUTE
    ..\CORE\startup_CMSDK_CM0.s              0x00000000   Number         0  startup_cmsdk_cm0.o ABSOLUTE
    ..\HARDWARE\SYG_M0_dma.c                 0x00000000   Number         0  syg_m0_dma.o ABSOLUTE
    ..\HARDWARE\SYG_M0_gpio.c                0x00000000   Number         0  syg_m0_gpio.o ABSOLUTE
    ..\HARDWARE\SYG_M0_printk.c              0x00000000   Number         0  syg_m0_printk.o ABSOLUTE
    ..\HARDWARE\SYG_M0_uart.c                0x00000000   Number         0  syg_m0_uart.o ABSOLUTE
    ..\SYSTEM\system.c                       0x00000000   Number         0  system.o ABSOLUTE
    ..\SYSTEM\system_CMSDK_CM0.c             0x00000000   Number         0  system_cmsdk_cm0.o ABSOLUTE
    ..\\HARDWARE\\SYG_M0_dma.c               0x00000000   Number         0  syg_m0_dma.o ABSOLUTE
    ..\\HARDWARE\\SYG_M0_gpio.c              0x00000000   Number         0  syg_m0_gpio.o ABSOLUTE
    ..\\HARDWARE\\SYG_M0_printk.c            0x00000000   Number         0  syg_m0_printk.o ABSOLUTE
    ..\\HARDWARE\\SYG_M0_uart.c              0x00000000   Number         0  syg_m0_uart.o ABSOLUTE
    ..\\SYSTEM\\system.c                     0x00000000   Number         0  system.o ABSOLUTE
    ..\\SYSTEM\\system_CMSDK_CM0.c           0x00000000   Number         0  system_cmsdk_cm0.o ABSOLUTE
    SYG_M0_it.c                              0x00000000   Number         0  syg_m0_it.o ABSOLUTE
    SYG_M0_it.c                              0x00000000   Number         0  syg_m0_it.o ABSOLUTE
    dc.s                                     0x00000000   Number         0  dc.o ABSOLUTE
    handlers.s                               0x00000000   Number         0  handlers.o ABSOLUTE
    init.s                                   0x00000000   Number         0  init.o ABSOLUTE
    main.c                                   0x00000000   Number         0  main.o ABSOLUTE
    main.c                                   0x00000000   Number         0  main.o ABSOLUTE
    .ARM.Collect$$$$00000000                 0x000000c0   Section        0  entry.o(.ARM.Collect$$$$00000000)
    .ARM.Collect$$$$00000001                 0x000000c0   Section        4  entry2.o(.ARM.Collect$$$$00000001)
    .ARM.Collect$$$$00000004                 0x000000c4   Section        4  entry5.o(.ARM.Collect$$$$00000004)
    .ARM.Collect$$$$00000008                 0x000000c8   Section        0  entry7b.o(.ARM.Collect$$$$00000008)
    .ARM.Collect$$$$0000000A                 0x000000c8   Section        0  entry8b.o(.ARM.Collect$$$$0000000A)
    .ARM.Collect$$$$0000000B                 0x000000c8   Section        8  entry9a.o(.ARM.Collect$$$$0000000B)
    .ARM.Collect$$$$0000000E                 0x000000d0   Section        4  entry12b.o(.ARM.Collect$$$$0000000E)
    .ARM.Collect$$$$0000000F                 0x000000d4   Section        0  entry10a.o(.ARM.Collect$$$$0000000F)
    .ARM.Collect$$$$00000011                 0x000000d4   Section        0  entry11a.o(.ARM.Collect$$$$00000011)
    .ARM.Collect$$$$00002712                 0x000000d4   Section        4  entry2.o(.ARM.Collect$$$$00002712)
    __lit__00000000                          0x000000d4   Data           4  entry2.o(.ARM.Collect$$$$00002712)
    .text                                    0x000000d8   Section       32  startup_cmsdk_cm0.o(.text)
    .text                                    0x000000f8   Section        0  uidiv.o(.text)
    .text                                    0x00000124   Section        0  dadd.o(.text)
    .text                                    0x0000028c   Section        0  dmul.o(.text)
    .text                                    0x0000035c   Section        0  dfltui.o(.text)
    .text                                    0x00000378   Section        0  dfixi.o(.text)
    .text                                    0x000003c0   Section        0  llshl.o(.text)
    .text                                    0x000003e0   Section        0  llushr.o(.text)
    .text                                    0x00000402   Section        0  llsshr.o(.text)
    .text                                    0x00000428   Section        0  iusefp.o(.text)
    .text                                    0x00000428   Section        0  depilogue.o(.text)
    .text                                    0x000004e8   Section       36  init.o(.text)
    .text                                    0x0000050c   Section        0  __dczerorl2.o(.text)
    i.GPIO_Init                              0x00000562   Section        0  syg_m0_gpio.o(i.GPIO_Init)
    i.GpioInit                               0x000005e2   Section        0  main.o(i.GpioInit)
    i.Set_SysTick_CTRL                       0x00000600   Section        0  system.o(i.Set_SysTick_CTRL)
    i.SysTick_Handler                        0x0000060c   Section        0  syg_m0_it.o(i.SysTick_Handler)
    i.SystemInit                             0x00000628   Section        0  system_cmsdk_cm0.o(i.SystemInit)
    i.UART_Init                              0x00000638   Section        0  syg_m0_uart.o(i.UART_Init)
    i.UART_SendChar                          0x000006b8   Section        0  syg_m0_uart.o(i.UART_SendChar)
    i.UartInit                               0x000006c8   Section        0  main.o(i.UartInit)
    i.__ARM_clz                              0x0000070c   Section        0  depilogue.o(i.__ARM_clz)
    i.__scatterload_copy                     0x0000073a   Section       14  handlers.o(i.__scatterload_copy)
    i.__scatterload_null                     0x00000748   Section        2  handlers.o(i.__scatterload_null)
    i.__scatterload_zeroinit                 0x0000074a   Section       14  handlers.o(i.__scatterload_zeroinit)
    i.main                                   0x00000758   Section        0  main.o(i.main)
    i.print_dec                              0x000007bc   Section        0  syg_m0_printk.o(i.print_dec)
    i.print_flt                              0x000007d8   Section        0  syg_m0_printk.o(i.print_flt)
    i.print_hex2                             0x0000082c   Section        0  syg_m0_printk.o(i.print_hex2)
    i.print_num                              0x00000848   Section        0  syg_m0_printk.o(i.print_num)
    i.print_str                              0x00000890   Section        0  syg_m0_printk.o(i.print_str)
    i.printk                                 0x000008a6   Section        0  syg_m0_printk.o(i.printk)
    i.put_char                               0x00000998   Section        0  syg_m0_printk.o(i.put_char)
    .data                                    0x20000000   Section        8  system_cmsdk_cm0.o(.data)
    .data                                    0x20000008   Section      784  main.o(.data)
    STACK                                    0x20000318   Section      512  startup_cmsdk_cm0.o(STACK)

    Global Symbols

    Symbol Name                              Value     Ov Type        Size  Object(Section)

    BuildAttributes$$THM_ISAv3M$S$PE$A:L22$X:L11$S22$IEEE1$IW$USESV6$~STKCKD$USESV7$~SHL$OSPACE$ROPI$EBA8$MICROLIB$REQ8$PRES8$EABIv2 0x00000000   Number         0  anon$$obj.o ABSOLUTE
    __ARM_use_no_argv                        0x00000000   Number         0  main.o ABSOLUTE
    __Vectors                                0x00000000   Data           4  startup_cmsdk_cm0.o(RESET)
    __arm_fini_                               - Undefined Weak Reference
    __cpp_initialize__aeabi_                  - Undefined Weak Reference
    __cxa_finalize                            - Undefined Weak Reference
    _clock_init                               - Undefined Weak Reference
    _microlib_exit                            - Undefined Weak Reference
    __Vectors_End                            0x000000c0   Data           0  startup_cmsdk_cm0.o(RESET)
    __Vectors_Size                           0x000000c0   Number         0  startup_cmsdk_cm0.o ABSOLUTE
    __main                                   0x000000c1   Thumb Code     0  entry.o(.ARM.Collect$$$$00000000)
    _main_stk                                0x000000c1   Thumb Code     0  entry2.o(.ARM.Collect$$$$00000001)
    _main_scatterload                        0x000000c5   Thumb Code     0  entry5.o(.ARM.Collect$$$$00000004)
    __main_after_scatterload                 0x000000c9   Thumb Code     0  entry5.o(.ARM.Collect$$$$00000004)
    _main_clock                              0x000000c9   Thumb Code     0  entry7b.o(.ARM.Collect$$$$00000008)
    _main_cpp_init                           0x000000c9   Thumb Code     0  entry8b.o(.ARM.Collect$$$$0000000A)
    _main_init                               0x000000c9   Thumb Code     0  entry9a.o(.ARM.Collect$$$$0000000B)
    __rt_lib_shutdown_fini                   0x000000d1   Thumb Code     0  entry12b.o(.ARM.Collect$$$$0000000E)
    __rt_final_cpp                           0x000000d5   Thumb Code     0  entry10a.o(.ARM.Collect$$$$0000000F)
    __rt_final_exit                          0x000000d5   Thumb Code     0  entry11a.o(.ARM.Collect$$$$00000011)
    Reset_Handler                            0x000000d9   Thumb Code    12  startup_cmsdk_cm0.o(.text)
    NMI_Handler                              0x000000e5   Thumb Code     2  startup_cmsdk_cm0.o(.text)
    HardFault_Handler                        0x000000e7   Thumb Code     2  startup_cmsdk_cm0.o(.text)
    SVC_Handler                              0x000000e9   Thumb Code     2  startup_cmsdk_cm0.o(.text)
    PendSV_Handler                           0x000000eb   Thumb Code     2  startup_cmsdk_cm0.o(.text)
    DMA_Handler                              0x000000ef   Thumb Code     0  startup_cmsdk_cm0.o(.text)
    DUALTIMER_HANDLER                        0x000000ef   Thumb Code     0  startup_cmsdk_cm0.o(.text)
    ETHERNET_Handler                         0x000000ef   Thumb Code     0  startup_cmsdk_cm0.o(.text)
    I2S_Handler                              0x000000ef   Thumb Code     0  startup_cmsdk_cm0.o(.text)
    PORT0_0_Handler                          0x000000ef   Thumb Code     0  startup_cmsdk_cm0.o(.text)
    PORT0_10_Handler                         0x000000ef   Thumb Code     0  startup_cmsdk_cm0.o(.text)
    PORT0_11_Handler                         0x000000ef   Thumb Code     0  startup_cmsdk_cm0.o(.text)
    PORT0_12_Handler                         0x000000ef   Thumb Code     0  startup_cmsdk_cm0.o(.text)
    PORT0_13_Handler                         0x000000ef   Thumb Code     0  startup_cmsdk_cm0.o(.text)
    PORT0_14_Handler                         0x000000ef   Thumb Code     0  startup_cmsdk_cm0.o(.text)
    PORT0_15_Handler                         0x000000ef   Thumb Code     0  startup_cmsdk_cm0.o(.text)
    PORT0_1_Handler                          0x000000ef   Thumb Code     0  startup_cmsdk_cm0.o(.text)
    PORT0_2_Handler                          0x000000ef   Thumb Code     0  startup_cmsdk_cm0.o(.text)
    PORT0_3_Handler                          0x000000ef   Thumb Code     0  startup_cmsdk_cm0.o(.text)
    PORT0_4_Handler                          0x000000ef   Thumb Code     0  startup_cmsdk_cm0.o(.text)
    PORT0_5_Handler                          0x000000ef   Thumb Code     0  startup_cmsdk_cm0.o(.text)
    PORT0_6_Handler                          0x000000ef   Thumb Code     0  startup_cmsdk_cm0.o(.text)
    PORT0_7_Handler                          0x000000ef   Thumb Code     0  startup_cmsdk_cm0.o(.text)
    PORT0_8_Handler                          0x000000ef   Thumb Code     0  startup_cmsdk_cm0.o(.text)
    PORT0_9_Handler                          0x000000ef   Thumb Code     0  startup_cmsdk_cm0.o(.text)
    PORT0_COMB_Handler                       0x000000ef   Thumb Code     0  startup_cmsdk_cm0.o(.text)
    PORT1_COMB_Handler                       0x000000ef   Thumb Code     0  startup_cmsdk_cm0.o(.text)
    SPI_ALL_Handler                          0x000000ef   Thumb Code     0  startup_cmsdk_cm0.o(.text)
    TIMER0_Handler                           0x000000ef   Thumb Code     0  startup_cmsdk_cm0.o(.text)
    TIMER1_Handler                           0x000000ef   Thumb Code     0  startup_cmsdk_cm0.o(.text)
    UARTOVF_Handler                          0x000000ef   Thumb Code     0  startup_cmsdk_cm0.o(.text)
    UARTRX0_Handler                          0x000000ef   Thumb Code     0  startup_cmsdk_cm0.o(.text)
    UARTRX1_Handler                          0x000000ef   Thumb Code     0  startup_cmsdk_cm0.o(.text)
    UARTRX2_Handler                          0x000000ef   Thumb Code     0  startup_cmsdk_cm0.o(.text)
    UARTTX0_Handler                          0x000000ef   Thumb Code     0  startup_cmsdk_cm0.o(.text)
    UARTTX1_Handler                          0x000000ef   Thumb Code     0  startup_cmsdk_cm0.o(.text)
    UARTTX2_Handler                          0x000000ef   Thumb Code     0  startup_cmsdk_cm0.o(.text)
    __aeabi_uidiv                            0x000000f9   Thumb Code     0  uidiv.o(.text)
    __aeabi_uidivmod                         0x000000f9   Thumb Code    44  uidiv.o(.text)
    __aeabi_dadd                             0x00000125   Thumb Code   330  dadd.o(.text)
    __aeabi_dsub                             0x0000026f   Thumb Code    12  dadd.o(.text)
    __aeabi_drsub                            0x0000027b   Thumb Code    12  dadd.o(.text)
    __aeabi_dmul                             0x0000028d   Thumb Code   202  dmul.o(.text)
    __aeabi_ui2d                             0x0000035d   Thumb Code    24  dfltui.o(.text)
    __aeabi_d2iz                             0x00000379   Thumb Code    62  dfixi.o(.text)
    __aeabi_llsl                             0x000003c1   Thumb Code    32  llshl.o(.text)
    _ll_shift_l                              0x000003c1   Thumb Code     0  llshl.o(.text)
    __aeabi_llsr                             0x000003e1   Thumb Code    34  llushr.o(.text)
    _ll_ushift_r                             0x000003e1   Thumb Code     0  llushr.o(.text)
    __aeabi_lasr                             0x00000403   Thumb Code    38  llsshr.o(.text)
    _ll_sshift_r                             0x00000403   Thumb Code     0  llsshr.o(.text)
    __I$use$fp                               0x00000429   Thumb Code     0  iusefp.o(.text)
    _double_round                            0x00000429   Thumb Code    26  depilogue.o(.text)
    _double_epilogue                         0x00000443   Thumb Code   164  depilogue.o(.text)
    __scatterload                            0x000004e9   Thumb Code    28  init.o(.text)
    __scatterload_rt2                        0x000004e9   Thumb Code     0  init.o(.text)
    __decompress                             0x0000050d   Thumb Code     0  __dczerorl2.o(.text)
    __decompress1                            0x0000050d   Thumb Code    86  __dczerorl2.o(.text)
    GPIO_Init                                0x00000563   Thumb Code   128  syg_m0_gpio.o(i.GPIO_Init)
    GpioInit                                 0x000005e3   Thumb Code    28  main.o(i.GpioInit)
    Set_SysTick_CTRL                         0x00000601   Thumb Code     6  system.o(i.Set_SysTick_CTRL)
    SysTick_Handler                          0x0000060d   Thumb Code    24  syg_m0_it.o(i.SysTick_Handler)
    SystemInit                               0x00000629   Thumb Code     8  system_cmsdk_cm0.o(i.SystemInit)
    UART_Init                                0x00000639   Thumb Code   124  syg_m0_uart.o(i.UART_Init)
    UART_SendChar                            0x000006b9   Thumb Code    16  syg_m0_uart.o(i.UART_SendChar)
    UartInit                                 0x000006c9   Thumb Code    58  main.o(i.UartInit)
    __ARM_clz                                0x0000070d   Thumb Code    46  depilogue.o(i.__ARM_clz)
    __scatterload_copy                       0x0000073b   Thumb Code    14  handlers.o(i.__scatterload_copy)
    __scatterload_null                       0x00000749   Thumb Code     2  handlers.o(i.__scatterload_null)
    __scatterload_zeroinit                   0x0000074b   Thumb Code    14  handlers.o(i.__scatterload_zeroinit)
    main                                     0x00000759   Thumb Code    66  main.o(i.main)
    print_dec                                0x000007bd   Thumb Code    28  syg_m0_printk.o(i.print_dec)
    print_flt                                0x000007d9   Thumb Code    80  syg_m0_printk.o(i.print_flt)
    print_hex2                               0x0000082d   Thumb Code    28  syg_m0_printk.o(i.print_hex2)
    print_num                                0x00000849   Thumb Code    50  syg_m0_printk.o(i.print_num)
    print_str                                0x00000891   Thumb Code    22  syg_m0_printk.o(i.print_str)
    printk                                   0x000008a7   Thumb Code   242  syg_m0_printk.o(i.printk)
    put_char                                 0x00000999   Thumb Code    24  syg_m0_printk.o(i.put_char)
    Region$$Table$$Base                      0x000009b4   Number         0  anon$$obj.o(Region$$Table)
    Region$$Table$$Limit                     0x000009d4   Number         0  anon$$obj.o(Region$$Table)
    SystemFrequency                          0x20000000   Data           4  system_cmsdk_cm0.o(.data)
    SystemCoreClock                          0x20000004   Data           4  system_cmsdk_cm0.o(.data)
    test_03_buf                              0x20000008   Data         784  main.o(.data)
    __initial_sp                             0x20000518   Data           0  startup_cmsdk_cm0.o(STACK)



==============================================================================

Memory Map of the image

  Image Entry point : 0x000000d9

  Load Region LR_IROM1 (Base: 0x00000000, Size: 0x00000cec, Max: 0x00010000, ABSOLUTE, COMPRESSED[0x00000ac0])

    Execution Region ER_IROM1 (Exec base: 0x00000000, Load base: 0x00000000, Size: 0x000009d4, Max: 0x00010000, ABSOLUTE)

    Exec Addr    Load Addr    Size         Type   Attr      Idx    E Section Name        Object

    0x00000000   0x00000000   0x000000c0   Data   RO          687    RESET               startup_cmsdk_cm0.o
    0x000000c0   0x000000c0   0x00000000   Code   RO          692  * .ARM.Collect$$$$00000000  mc_p.l(entry.o)
    0x000000c0   0x000000c0   0x00000004   Code   RO          705    .ARM.Collect$$$$00000001  mc_p.l(entry2.o)
    0x000000c4   0x000000c4   0x00000004   Code   RO          708    .ARM.Collect$$$$00000004  mc_p.l(entry5.o)
    0x000000c8   0x000000c8   0x00000000   Code   RO          710    .ARM.Collect$$$$00000008  mc_p.l(entry7b.o)
    0x000000c8   0x000000c8   0x00000000   Code   RO          712    .ARM.Collect$$$$0000000A  mc_p.l(entry8b.o)
    0x000000c8   0x000000c8   0x00000008   Code   RO          713    .ARM.Collect$$$$0000000B  mc_p.l(entry9a.o)
    0x000000d0   0x000000d0   0x00000004   Code   RO          720    .ARM.Collect$$$$0000000E  mc_p.l(entry12b.o)
    0x000000d4   0x000000d4   0x00000000   Code   RO          715    .ARM.Collect$$$$0000000F  mc_p.l(entry10a.o)
    0x000000d4   0x000000d4   0x00000000   Code   RO          717    .ARM.Collect$$$$00000011  mc_p.l(entry11a.o)
    0x000000d4   0x000000d4   0x00000004   Code   RO          706    .ARM.Collect$$$$00002712  mc_p.l(entry2.o)
    0x000000d8   0x000000d8   0x00000020   Code   RO          688  * .text               startup_cmsdk_cm0.o
    0x000000f8   0x000000f8   0x0000002c   Code   RO          695    .text               mc_p.l(uidiv.o)
    0x00000124   0x00000124   0x00000168   Code   RO          697    .text               mf_p.l(dadd.o)
    0x0000028c   0x0000028c   0x000000d0   Code   RO          699    .text               mf_p.l(dmul.o)
    0x0000035c   0x0000035c   0x0000001c   Code   RO          701    .text               mf_p.l(dfltui.o)
    0x00000378   0x00000378   0x00000048   Code   RO          703    .text               mf_p.l(dfixi.o)
    0x000003c0   0x000003c0   0x00000020   Code   RO          721    .text               mc_p.l(llshl.o)
    0x000003e0   0x000003e0   0x00000022   Code   RO          723    .text               mc_p.l(llushr.o)
    0x00000402   0x00000402   0x00000026   Code   RO          725    .text               mc_p.l(llsshr.o)
    0x00000428   0x00000428   0x00000000   Code   RO          727    .text               mc_p.l(iusefp.o)
    0x00000428   0x00000428   0x000000be   Code   RO          728    .text               mf_p.l(depilogue.o)
    0x000004e6   0x000004e6   0x00000002   PAD
    0x000004e8   0x000004e8   0x00000024   Code   RO          732    .text               mc_p.l(init.o)
    0x0000050c   0x0000050c   0x00000056   Code   RO          742    .text               mc_p.l(__dczerorl2.o)
    0x00000562   0x00000562   0x00000080   Code   RO          170    i.GPIO_Init         syg_m0_gpio.o
    0x000005e2   0x000005e2   0x0000001c   Code   RO          546    i.GpioInit          main.o
    0x000005fe   0x000005fe   0x00000002   PAD
    0x00000600   0x00000600   0x0000000c   Code   RO           54    i.Set_SysTick_CTRL  system.o
    0x0000060c   0x0000060c   0x0000001c   Code   RO          608    i.SysTick_Handler   syg_m0_it.o
    0x00000628   0x00000628   0x00000010   Code   RO            4    i.SystemInit        system_cmsdk_cm0.o
    0x00000638   0x00000638   0x00000080   Code   RO          317    i.UART_Init         syg_m0_uart.o
    0x000006b8   0x000006b8   0x00000010   Code   RO          319    i.UART_SendChar     syg_m0_uart.o
    0x000006c8   0x000006c8   0x00000044   Code   RO          548    i.UartInit          main.o
    0x0000070c   0x0000070c   0x0000002e   Code   RO          730    i.__ARM_clz         mf_p.l(depilogue.o)
    0x0000073a   0x0000073a   0x0000000e   Code   RO          736    i.__scatterload_copy  mc_p.l(handlers.o)
    0x00000748   0x00000748   0x00000002   Code   RO          737    i.__scatterload_null  mc_p.l(handlers.o)
    0x0000074a   0x0000074a   0x0000000e   Code   RO          738    i.__scatterload_zeroinit  mc_p.l(handlers.o)
    0x00000758   0x00000758   0x00000064   Code   RO          549    i.main              main.o
    0x000007bc   0x000007bc   0x0000001c   Code   RO          444    i.print_dec         syg_m0_printk.o
    0x000007d8   0x000007d8   0x00000054   Code   RO          445    i.print_flt         syg_m0_printk.o
    0x0000082c   0x0000082c   0x0000001c   Code   RO          447    i.print_hex2        syg_m0_printk.o
    0x00000848   0x00000848   0x00000048   Code   RO          448    i.print_num         syg_m0_printk.o
    0x00000890   0x00000890   0x00000016   Code   RO          449    i.print_str         syg_m0_printk.o
    0x000008a6   0x000008a6   0x000000f2   Code   RO          450    i.printk            syg_m0_printk.o
    0x00000998   0x00000998   0x0000001c   Code   RO          451    i.put_char          syg_m0_printk.o
    0x000009b4   0x000009b4   0x00000020   Data   RO          734    Region$$Table       anon$$obj.o


    Execution Region RW_IRAM1 (Exec base: 0x20000000, Load base: 0x000009d4, Size: 0x00000518, Max: 0x00010000, ABSOLUTE, COMPRESSED[0x000000ec])

    Exec Addr    Load Addr    Size         Type   Attr      Idx    E Section Name        Object

    0x20000000   COMPRESSED   0x00000008   Data   RW            5    .data               system_cmsdk_cm0.o
    0x20000008   COMPRESSED   0x00000310   Data   RW          550    .data               main.o
    0x20000318        -       0x00000200   Zero   RW          685    STACK               startup_cmsdk_cm0.o


==============================================================================

Image component sizes


      Code (inc. data)   RO Data    RW Data    ZI Data      Debug   Object Name

       196         44          0        784          0       7775   main.o
        32          8        192          0        512        588   startup_cmsdk_cm0.o
       128          0          0          0          0       2056   syg_m0_gpio.o
        28          4          0          0          0        398   syg_m0_it.o
       504         30          0          0          0       4245   syg_m0_printk.o
       144          4          0          0          0       2736   syg_m0_uart.o
        12          6          0          0          0        423   system.o
        16          8          0          8          0       9423   system_cmsdk_cm0.o

    ----------------------------------------------------------------------
      1062        104        224        792        512      27644   Object Totals
         0          0         32          0          0          0   (incl. Generated)
         2          0          0          0          0          0   (incl. Padding)

    ----------------------------------------------------------------------

      Code (inc. data)   RO Data    RW Data    ZI Data      Debug   Library Member Name

        86          0          0          0          0          0   __dczerorl2.o
         0          0          0          0          0          0   entry.o
         0          0          0          0          0          0   entry10a.o
         0          0          0          0          0          0   entry11a.o
         4          0          0          0          0          0   entry12b.o
         8          4          0          0          0          0   entry2.o
         4          0          0          0          0          0   entry5.o
         0          0          0          0          0          0   entry7b.o
         0          0          0          0          0          0   entry8b.o
         8          4          0          0          0          0   entry9a.o
        30          0          0          0          0          0   handlers.o
        36          8          0          0          0         68   init.o
         0          0          0          0          0          0   iusefp.o
        32          0          0          0          0         68   llshl.o
        38          0          0          0          0         68   llsshr.o
        34          0          0          0          0         68   llushr.o
        44          0          0          0          0         72   uidiv.o
       360          6          0          0          0        140   dadd.o
       236          0          0          0          0        216   depilogue.o
        72         10          0          0          0         72   dfixi.o
        28          4          0          0          0         68   dfltui.o
       208          6          0          0          0         88   dmul.o

    ----------------------------------------------------------------------
      1230         42          0          0          0        928   Library Totals
         2          0          0          0          0          0   (incl. Padding)

    ----------------------------------------------------------------------

      Code (inc. data)   RO Data    RW Data    ZI Data      Debug   Library Name

       324         16          0          0          0        344   mc_p.l
       904         26          0          0          0        584   mf_p.l

    ----------------------------------------------------------------------
      1230         42          0          0          0        928   Library Totals

    ----------------------------------------------------------------------

==============================================================================


      Code (inc. data)   RO Data    RW Data    ZI Data      Debug   

      2292        146        224        792        512      27784   Grand Totals
      2292        146        224        236        512      27784   ELF Image Totals (compressed)
      2292        146        224        236          0          0   ROM Totals

==============================================================================

    Total RO  Size (Code + RO Data)                 2516 (   2.46kB)
    Total RW  Size (RW Data + ZI Data)              1304 (   1.27kB)
    Total ROM Size (Code + RO Data + RW Data)       2752 (   2.69kB)

==============================================================================

