<html>
<body>
<pre>
<h1>µVision Build Log</h1>
<h2>Tool Versions:</h2>
IDE-Version: ¦ÌVision V5.29.0.0
Copyright (C) 2019 ARM Ltd and ARM Germany GmbH. All rights reserved.
License Information: S YG, S, LIC=NHYH9-4BRQN-243SS-LQST3-CALNW-JAD21
 
Tool Versions:
Toolchain:       MDK-ARM Professional  Version: 5.29.0.0
Toolchain Path:  A:\Keil_v5\ARM\ARMCC\Bin
C Compiler:      Armcc.exe V5.06 update 6 (build 750)
Assembler:       Armasm.exe V5.06 update 6 (build 750)
Linker/Locator:  ArmLink.exe V5.06 update 6 (build 750)
Library Manager: ArmAr.exe V5.06 update 6 (build 750)
Hex Converter:   FromElf.exe V5.06 update 6 (build 750)
CPU DLL:         SARMCM3.DLL V5.29.0.0
Dialog DLL:      DARMCM1.DLL V1.19.2.0
Target DLL:      CMSIS_AGDI.dll V1.32.0.0
Dialog DLL:      TARMCM1.DLL V1.14.1.0
 
<h2>Project:</h2>
C:\Users\SYG\Desktop\SoC+DMA\Keil_proj\USER\WirelessMCU.uvprojx
Project File Date:  12/08/2022

<h2>Output:</h2>
*** Using Compiler 'V5.06 update 6 (build 750)', folder: 'A:\Keil_v5\ARM\ARMCC\Bin'
Rebuild target 'Target 1'
compiling system_CMSDK_CM0.c...
compiling SYG_M0_uart.c...
compiling SYG_M0_gpio.c...
compiling system.c...
compiling SYG_M0_printk.c...
..\HARDWARE\SYG_M0_printk.c(14): warning:  #2532-D: support for trigraphs is disabled
   ** 		base:????(?????????8???)
..\HARDWARE\SYG_M0_printk.c: 1 warning, 0 errors
assembling startup_CMSDK_CM0.s...
compiling SYG_M0_dma.c...
..\HARDWARE\SYG_M0_dma.c(11): warning:  #1-D: last line of file ends without a newline
  }
..\HARDWARE\SYG_M0_dma.c: 1 warning, 0 errors
compiling main.c...
compiling SYG_M0_it.c...
linking...
Program Size: Code=2944 RO-data=224 RW-data=8 ZI-data=512  
After Build - User command #1: fromelf -cvf .\WirelessMCU.axf --vhx --32x1 -o WirelessMCU.axf
".\WirelessMCU.axf": Error: Q0122E: Could not open file '.\WirelessMCU.axf': No such file or directory
Finished: 0 information, 0 warning and 1 error messages.
After Build - User command #2: fromelf -cvf .\WirelessMCU.axf -o WirelessMCU.axf
".\WirelessMCU.axf": Error: Q0122E: Could not open file '.\WirelessMCU.axf': No such file or directory
Finished: 0 information, 0 warning and 1 error messages.
"..\OBJ\WirelessMCU.axf" - 0 Error(s), 2 Warning(s).

<h2>Software Packages used:</h2>

Package Vendor: Keil
                http://www.keil.com/pack/Keil.V2M-MPS2_CMx_BSP.1.7.0.pack
                Keil.V2M-MPS2_CMx_BSP.1.7.0
                ARM V2M-MPS2 Board Support PACK for Cortex-M System Design Kit Devices

<h2>Collection of Component include folders:</h2>
  .\RTE\_Target_1
  A:\Users\SYG\AppData\Local\Arm\Packs\Keil\V2M-MPS2_CMx_BSP\1.7.0\Device\CMSDK_CM0\Include

<h2>Collection of Component Files used:</h2>
Build Time Elapsed:  00:00:01
</pre>
</body>
</html>
